// Vitest Snapshot v1, https://vitest.dev/guide/snapshot.html

exports[`ErrorMessage > should match snapshot 1`] = `
<span
  className="text-[0.75rem] font-normal text-bg-error"
  data-testid="input-error-message"
/>
`;
