// Vitest Snapshot v1, https://vitest.dev/guide/snapshot.html

exports[`ResetPasswordForm > should match snapshot 1`] = `
<DocumentFragment>
  <div
    class="absolute z-0 rounded-full w-96 h-96 blur-3xl mix-blend-multiply opacity-50 animate-auth-blob bg-primary left-[10%] bottom-[15%]"
  />
  <div
    class="absolute z-0 rounded-full w-96 h-96 blur-3xl mix-blend-multiply opacity-50 animate-auth-blob bg-bg-warning right-[25%] top-[10%]"
    style="animation-delay: 2s;"
  />
  <div
    class="absolute z-0 rounded-full w-96 h-96 blur-3xl mix-blend-multiply opacity-50 animate-auth-blob bg-bg-error bottom-[10%] right-[17%]"
    style="animation-delay: 4s;"
  />
  <div
    class="w-full sm:max-w-md p-6 bg-white sm:rounded-lg md:shadow min-w-[420px] z-10 relative"
  >
    <div
      class="flex flex-col gap-2 mb-6"
    >
      <h1
        class="text-2xl font-bold leading-tight tracking-tight text-text-primary"
      >
        Reset password
      </h1>
      <p
        class="text-sm font-light"
      >
        Please enter your new password
      </p>
    </div>
    <form
      class="flex flex-col gap-6"
    >
      <div
        class="relative"
      >
        <div
          class="flex items-center gap-3"
        >
          <label
            class="font-normal text-text-secondary text-[0.875rem] absolute top-[-11px] left-2 bg-white"
            data-testid="input-label"
            for="password"
          >
            Password
          </label>
          <input
            autocomplete="new-password"
            class="w-full px-3.5 py-[7px] outline-none border border-border-primary rounded text-text-secondary transition-all hover:border-primary disabled:text-text-menu disabled:cursor-not-allowed focus:border-primary focus:shadow-text-field active:shadow-none focus:ring-transparent"
            data-testid="input"
            id="password"
            name="password"
            placeholder="Password"
            spellcheck="false"
            type="password"
            value=""
          />
        </div>
      </div>
      <div
        class="relative"
      >
        <div
          class="flex items-center gap-3"
        >
          <label
            class="font-normal text-text-secondary text-[0.875rem] absolute top-[-11px] left-2 bg-white"
            data-testid="input-label"
            for="passwordConfirm"
          >
            Confirm Password
          </label>
          <input
            autocomplete="new-password"
            class="w-full px-3.5 py-[7px] outline-none border border-border-primary rounded text-text-secondary transition-all hover:border-primary disabled:text-text-menu disabled:cursor-not-allowed focus:border-primary focus:shadow-text-field active:shadow-none focus:ring-transparent"
            data-testid="input"
            id="passwordConfirm"
            name="passwordConfirm"
            placeholder="Confirm Password"
            spellcheck="false"
            type="password"
            value=""
          />
        </div>
      </div>
      <button
        class="inline-flex items-center justify-center focus:outline-none focus:ring-2 focus:ring-offset-2 focus:ring-primary transition-all appearance-none select-none bg-primary text-white disabled:shadow-[inset_0_0_0_1px_hsl(var(--colors-border-primary))] disabled:bg-white disabled:hover:bg-white disabled:text-text-menu px-3 text-[0.875rem] leading-[1.5rem] rounded-md hover:shadow-[inset_0_0_0_3px_#94b0ff] py-2"
        type="submit"
      >
        Reset
      </button>
    </form>
  </div>
</DocumentFragment>
`;
