// Vitest Snapshot v1, https://vitest.dev/guide/snapshot.html

exports[`<PerformanceList /> > should match snapshot 1`] = `
<DocumentFragment>
  <div
    class="flex flex-col gap-2"
  >
    <h2
      class="text-xl font-semibold"
    >
      Health Check
    </h2>
    <ul
      class="flex flex-col gap-2"
    >
      <li
        class="flex items-center gap-2 justify-between border border-border-primary rounded px-4 py-2"
      >
        <a
          class="flex-1 flex-shrink-0 hover:underline text-primary"
          href="https://google.com"
          rel="noreferrer"
          target="_blank"
        >
          Google (1s)
        </a>
        <span
          class="tabular-nums w-[8ch] flex-1"
        >
          <div
            class="animate-pulse bg-gray-300 rounded-md h-[16px] w-[8ch] flex-1"
          />
        </span>
        <div
          class="w-3 h-3 rounded-full relative bg-gray-300"
        />
      </li>
    </ul>
    <button
      class="inline-flex items-center justify-center focus:outline-none focus:ring-2 focus:ring-offset-2 focus:ring-primary transition-all appearance-none select-none disabled:shadow-[inset_0_0_0_1px_hsl(var(--colors-border-primary))] disabled:bg-white disabled:hover:bg-white disabled:text-text-menu px-3 text-[0.875rem] leading-[1.5rem] cursor-not-allowed pointer-events-none rounded-md hover:shadow-[inset_0_0_0_3px_#94b0ff] py-2 shadow-[inset_0_0_0_1px_hsl(var(--colors-border-primary))] bg-white hover:bg-white text-border-primary"
      disabled=""
    >
      Check
    </button>
  </div>
</DocumentFragment>
`;
